[2013-08-27 12:40:42.278400] connecting FTP...	[DONE]
[2013-08-27 12:40:42.487610] Connecting database zakupki...	[DONE]
[2013-08-27 12:40:42.514764] Truncating...	[DONE]
[2013-08-27 12:40:42.716656] notification__Adygeja_Resp_inc_20110101_000000_20110201_000000_1.xml.zip
[2013-08-27 12:40:42.880051] notification__Adygeja_Resp_inc_20110101_000000_20110201_000000_2.xml.zip
[2013-08-27 12:40:43.070464] notification__Adygeja_Resp_inc_20110101_000000_20110201_000000_3.xml.zip
[2013-08-27 12:40:43.255418] notification__Adygeja_Resp_inc_20110101_000000_20110201_000000_4.xml.zip
[2013-08-27 12:40:43.417100] notification__Adygeja_Resp_inc_20110101_000000_20110201_000000_5.xml.zip
[2013-08-27 12:40:43.588506] notification__Adygeja_Resp_inc_20110101_000000_20110201_000000_6.xml.zip
[2013-08-27 12:40:43.759351] notification__Adygeja_Resp_inc_20110201_000000_20110301_000000_1.xml.zip
[2013-08-27 12:40:44.542642] notification__Adygeja_Resp_inc_20110201_000000_20110301_000000_2.xml.zip
[2013-08-27 12:40:44.758861] notification__Adygeja_Resp_inc_20110201_000000_20110301_000000_3.xml.zip
[2013-08-27 12:40:45.127386] notification__Adygeja_Resp_inc_20110201_000000_20110301_000000_4.xml.zip
[2013-08-27 12:40:45.299905] notification__Adygeja_Resp_inc_20110201_000000_20110301_000000_5.xml.zip
[2013-08-27 12:40:45.468174] notification__Adygeja_Resp_inc_20110201_000000_20110301_000000_6.xml.zip
[2013-08-27 12:40:45.637558] notification__Adygeja_Resp_inc_20110301_000000_20110401_000000_1.xml.zip
[2013-08-27 12:40:45.851098] notification__Adygeja_Resp_inc_20110301_000000_20110401_000000_2.xml.zip
[2013-08-27 12:40:46.303524] notification__Adygeja_Resp_inc_20110301_000000_20110401_000000_3.xml.zip
[2013-08-27 12:40:47.029378] notification__Adygeja_Resp_inc_20110301_000000_20110401_000000_4.xml.zip
[2013-08-27 12:40:47.212705] notification__Adygeja_Resp_inc_20110301_000000_20110401_000000_5.xml.zip
[2013-08-27 12:40:47.383095] notification__Adygeja_Resp_inc_20110301_000000_20110401_000000_6.xml.zip
[2013-08-27 12:40:47.580179] notification__Adygeja_Resp_inc_20110401_000000_20110501_000000_1.xml.zip
[2013-08-27 12:40:47.863213] notification__Adygeja_Resp_inc_20110401_000000_20110501_000000_2.xml.zip
[2013-08-27 12:40:48.560157] notification__Adygeja_Resp_inc_20110401_000000_20110501_000000_3.xml.zip
[2013-08-27 12:40:49.391286] notification__Adygeja_Resp_inc_20110401_000000_20110501_000000_4.xml.zip
[2013-08-27 12:40:49.602047] notification__Adygeja_Resp_inc_20110401_000000_20110501_000000_5.xml.zip
[2013-08-27 12:41:53.064421] notification__Adygeja_Resp_inc_20110401_000000_20110501_000000_6.xml.zip
[2013-08-27 12:41:53.262045] notification__Adygeja_Resp_inc_20110501_000000_20110601_000000_1.xml.zip
[2013-08-27 12:41:53.481450] notification__Adygeja_Resp_inc_20110501_000000_20110601_000000_2.xml.zip
[2013-08-27 12:41:53.895085] notification__Adygeja_Resp_inc_20110501_000000_20110601_000000_3.xml.zip
[2013-08-27 12:41:54.395555] notification__Adygeja_Resp_inc_20110501_000000_20110601_000000_4.xml.zip
[2013-08-27 12:41:54.573025] notification__Adygeja_Resp_inc_20110501_000000_20110601_000000_5.xml.zip
[2013-08-27 12:41:54.732403] notification__Adygeja_Resp_inc_20110501_000000_20110601_000000_6.xml.zip
[2013-08-27 12:41:54.898662] notification__Adygeja_Resp_inc_20110601_000000_20110701_000000_1.xml.zip
[2013-08-27 12:41:55.108266] notification__Adygeja_Resp_inc_20110601_000000_20110701_000000_2.xml.zip
[2013-08-27 12:41:55.787166] notification__Adygeja_Resp_inc_20110601_000000_20110701_000000_3.xml.zip
[2013-08-27 12:41:56.503796] notification__Adygeja_Resp_inc_20110601_000000_20110701_000000_4.xml.zip
[2013-08-27 12:41:56.683679] notification__Adygeja_Resp_inc_20110601_000000_20110701_000000_5.xml.zip
[2013-08-27 12:41:56.853030] notification__Adygeja_Resp_inc_20110601_000000_20110701_000000_6.xml.zip
[2013-08-27 12:41:57.013748] notification__Adygeja_Resp_inc_20110701_000000_20110801_000000_1.xml.zip
[2013-08-27 12:41:57.199773] notification__Adygeja_Resp_inc_20110701_000000_20110801_000000_2.xml.zip
[2013-08-27 12:41:57.720207] notification__Adygeja_Resp_inc_20110701_000000_20110801_000000_3.xml.zip
[2013-08-27 12:41:58.324530] notification__Adygeja_Resp_inc_20110701_000000_20110801_000000_4.xml.zip
[2013-08-27 12:41:58.504584] notification__Adygeja_Resp_inc_20110701_000000_20110801_000000_5.xml.zip
[2013-08-27 12:41:58.674995] notification__Adygeja_Resp_inc_20110701_000000_20110801_000000_6.xml.zip
[2013-08-27 12:41:58.849415] notification__Adygeja_Resp_inc_20110801_000000_20110901_000000_1.xml.zip
[2013-08-27 12:41:59.045265] notification__Adygeja_Resp_inc_20110801_000000_20110901_000000_2.xml.zip
[2013-08-27 12:41:59.623695] notification__Adygeja_Resp_inc_20110801_000000_20110901_000000_3.xml.zip
[2013-08-27 12:42:00.203323] notification__Adygeja_Resp_inc_20110801_000000_20110901_000000_4.xml.zip
[2013-08-27 12:42:00.387951] notification__Adygeja_Resp_inc_20110801_000000_20110901_000000_5.xml.zip
[2013-08-27 12:42:00.554066] notification__Adygeja_Resp_inc_20110801_000000_20110901_000000_6.xml.zip
[2013-08-27 12:42:00.760047] notification__Adygeja_Resp_inc_20110901_000000_20111001_000000_1.xml.zip
[2013-08-27 12:42:00.946170] notification__Adygeja_Resp_inc_20110901_000000_20111001_000000_2.xml.zip
[2013-08-27 12:42:01.595075] notification__Adygeja_Resp_inc_20110901_000000_20111001_000000_3.xml.zip
[2013-08-27 12:42:02.249440] notification__Adygeja_Resp_inc_20110901_000000_20111001_000000_4.xml.zip
[2013-08-27 12:42:02.423524] notification__Adygeja_Resp_inc_20110901_000000_20111001_000000_5.xml.zip
[2013-08-27 12:42:02.595008] notification__Adygeja_Resp_inc_20110901_000000_20111001_000000_6.xml.zip
[2013-08-27 12:42:02.767620] notification__Adygeja_Resp_inc_20111001_000000_20111101_000000_1.xml.zip
[2013-08-27 12:42:02.960922] notification__Adygeja_Resp_inc_20111001_000000_20111101_000000_2.xml.zip
[2013-08-27 12:42:03.543021] notification__Adygeja_Resp_inc_20111001_000000_20111101_000000_3.xml.zip
[2013-08-27 12:42:04.178303] notification__Adygeja_Resp_inc_20111001_000000_20111101_000000_4.xml.zip
[2013-08-27 12:42:04.352107] notification__Adygeja_Resp_inc_20111001_000000_20111101_000000_5.xml.zip
[2013-08-27 12:42:04.523666] notification__Adygeja_Resp_inc_20111001_000000_20111101_000000_6.xml.zip
[2013-08-27 12:42:04.700355] notification__Adygeja_Resp_inc_20111101_000000_20111201_000000_1.xml.zip
[2013-08-27 12:42:04.936592] notification__Adygeja_Resp_inc_20111101_000000_20111201_000000_2.xml.zip
[2013-08-27 12:42:05.777482] notification__Adygeja_Resp_inc_20111101_000000_20111201_000000_3.xml.zip
[2013-08-27 12:42:06.597201] notification__Adygeja_Resp_inc_20111101_000000_20111201_000000_4.xml.zip
[2013-08-27 12:42:06.780404] notification__Adygeja_Resp_inc_20111101_000000_20111201_000000_5.xml.zip
[2013-08-27 12:42:06.944279] notification__Adygeja_Resp_inc_20111101_000000_20111201_000000_6.xml.zip
[2013-08-27 12:42:07.119167] notification__Adygeja_Resp_inc_20111201_000000_20120101_000000_1.xml.zip
[2013-08-27 12:42:07.349800] notification__Adygeja_Resp_inc_20111201_000000_20120101_000000_2.xml.zip
[2013-08-27 12:42:08.411349] notification__Adygeja_Resp_inc_20111201_000000_20120101_000000_3.xml.zip
[2013-08-27 12:42:12.053302] notification__Adygeja_Resp_inc_20111201_000000_20120101_000000_4.xml.zip
[2013-08-27 12:42:12.282743] notification__Adygeja_Resp_inc_20111201_000000_20120101_000000_5.xml.zip
[2013-08-27 12:42:12.462019] notification__Adygeja_Resp_inc_20111201_000000_20120101_000000_6.xml.zip
[2013-08-27 12:42:12.645447] notification__Adygeja_Resp_inc_20120101_000000_20120201_000000_1.xml.zip
[2013-08-27 12:42:12.865340] notification__Adygeja_Resp_inc_20120101_000000_20120201_000000_2.xml.zip
[2013-08-27 12:42:13.204506] notification__Adygeja_Resp_inc_20120101_000000_20120201_000000_3.xml.zip
[2013-08-27 12:42:13.572362] notification__Adygeja_Resp_inc_20120101_000000_20120201_000000_4.xml.zip
[2013-08-27 12:42:13.745588] notification__Adygeja_Resp_inc_20120101_000000_20120201_000000_5.xml.zip
[2013-08-27 12:42:13.913052] notification__Adygeja_Resp_inc_20120101_000000_20120201_000000_6.xml.zip
[2013-08-27 12:42:14.089363] notification__Adygeja_Resp_inc_20120201_000000_20120301_000000_1.xml.zip
[2013-08-27 12:42:14.270773] notification__Adygeja_Resp_inc_20120201_000000_20120301_000000_2.xml.zip
[2013-08-27 12:42:14.710906] notification__Adygeja_Resp_inc_20120201_000000_20120301_000000_3.xml.zip
[2013-08-27 12:42:15.046645] notification__Adygeja_Resp_inc_20120201_000000_20120301_000000_4.xml.zip
[2013-08-27 12:42:15.214258] notification__Adygeja_Resp_inc_20120201_000000_20120301_000000_5.xml.zip
[2013-08-27 12:42:15.382959] notification__Adygeja_Resp_inc_20120201_000000_20120301_000000_6.xml.zip
[2013-08-27 12:42:15.552847] notification__Adygeja_Resp_inc_20120301_000000_20120401_000000_1.xml.zip
[2013-08-27 12:42:15.749274] notification__Adygeja_Resp_inc_20120301_000000_20120401_000000_2.xml.zip
[2013-08-27 12:42:16.190854] notification__Adygeja_Resp_inc_20120301_000000_20120401_000000_3.xml.zip
[2013-08-27 12:42:16.752113] notification__Adygeja_Resp_inc_20120301_000000_20120401_000000_4.xml.zip
[2013-08-27 12:42:16.937528] notification__Adygeja_Resp_inc_20120301_000000_20120401_000000_5.xml.zip
[2013-08-27 12:42:17.102365] notification__Adygeja_Resp_inc_20120301_000000_20120401_000000_6.xml.zip
[2013-08-27 12:42:17.281787] notification__Adygeja_Resp_inc_20120401_000000_20120501_000000_1.xml.zip
[2013-08-27 12:42:17.458138] notification__Adygeja_Resp_inc_20120401_000000_20120501_000000_2.xml.zip
[2013-08-27 12:42:17.885958] notification__Adygeja_Resp_inc_20120401_000000_20120501_000000_3.xml.zip
[2013-08-27 12:42:18.328049] notification__Adygeja_Resp_inc_20120401_000000_20120501_000000_4.xml.zip
[2013-08-27 12:42:18.519172] notification__Adygeja_Resp_inc_20120401_000000_20120501_000000_5.xml.zip
[2013-08-27 12:42:18.683243] notification__Adygeja_Resp_inc_20120401_000000_20120501_000000_6.xml.zip
[2013-08-27 12:42:18.869422] notification__Adygeja_Resp_inc_20120501_000000_20120601_000000_1.xml.zip
[2013-08-27 12:42:19.044442] notification__Adygeja_Resp_inc_20120501_000000_20120601_000000_2.xml.zip
[2013-08-27 12:42:19.643317] notification__Adygeja_Resp_inc_20120501_000000_20120601_000000_3.xml.zip
[2013-08-27 12:42:20.131940] notification__Adygeja_Resp_inc_20120501_000000_20120601_000000_4.xml.zip
[2013-08-27 12:42:20.316525] notification__Adygeja_Resp_inc_20120501_000000_20120601_000000_5.xml.zip
[2013-08-27 12:42:20.484720] notification__Adygeja_Resp_inc_20120501_000000_20120601_000000_6.xml.zip
[2013-08-27 12:42:20.667920] notification__Adygeja_Resp_inc_20120601_000000_20120701_000000_1.xml.zip
[2013-08-27 12:42:20.953284] notification__Adygeja_Resp_inc_20120601_000000_20120701_000000_2.xml.zip
[2013-08-27 12:42:21.568959] notification__Adygeja_Resp_inc_20120601_000000_20120701_000000_3.xml.zip
[2013-08-27 12:42:22.758107] notification__Adygeja_Resp_inc_20120601_000000_20120701_000000_4.xml.zip
[2013-08-27 12:42:22.946956] notification__Adygeja_Resp_inc_20120601_000000_20120701_000000_5.xml.zip
[2013-08-27 12:42:23.112772] notification__Adygeja_Resp_inc_20120601_000000_20120701_000000_6.xml.zip
[2013-08-27 12:42:23.311127] notification__Adygeja_Resp_inc_20120701_000000_20120801_000000_1.xml.zip
[2013-08-27 12:42:23.514935] notification__Adygeja_Resp_inc_20120701_000000_20120801_000000_2.xml.zip
[2013-08-27 12:42:24.219410] notification__Adygeja_Resp_inc_20120701_000000_20120801_000000_3.xml.zip
[2013-08-27 12:42:24.994301] notification__Adygeja_Resp_inc_20120701_000000_20120801_000000_4.xml.zip
[2013-08-27 12:42:25.173096] notification__Adygeja_Resp_inc_20120701_000000_20120801_000000_5.xml.zip
[2013-08-27 12:42:25.343564] notification__Adygeja_Resp_inc_20120701_000000_20120801_000000_6.xml.zip
[2013-08-27 12:42:25.539351] notification__Adygeja_Resp_inc_20120801_000000_20120901_000000_1.xml.zip
[2013-08-27 12:42:25.740725] notification__Adygeja_Resp_inc_20120801_000000_20120901_000000_2.xml.zip
[2013-08-27 12:42:26.410531] notification__Adygeja_Resp_inc_20120801_000000_20120901_000000_3.xml.zip
[2013-08-27 12:42:27.106645] notification__Adygeja_Resp_inc_20120801_000000_20120901_000000_4.xml.zip
[2013-08-27 12:42:27.291412] notification__Adygeja_Resp_inc_20120801_000000_20120901_000000_5.xml.zip
[2013-08-27 12:42:27.463949] notification__Adygeja_Resp_inc_20120801_000000_20120901_000000_6.xml.zip
[2013-08-27 12:42:27.673284] notification__Adygeja_Resp_inc_20120901_000000_20121001_000000_1.xml.zip
[2013-08-27 12:42:27.873094] notification__Adygeja_Resp_inc_20120901_000000_20121001_000000_2.xml.zip
[2013-08-27 12:42:28.612704] notification__Adygeja_Resp_inc_20120901_000000_20121001_000000_3.xml.zip
[2013-08-27 12:42:29.421170] notification__Adygeja_Resp_inc_20120901_000000_20121001_000000_4.xml.zip
[2013-08-27 12:42:29.614416] notification__Adygeja_Resp_inc_20120901_000000_20121001_000000_5.xml.zip
[2013-08-27 12:42:29.796271] notification__Adygeja_Resp_inc_20120901_000000_20121001_000000_6.xml.zip
[2013-08-27 12:42:29.988118] notification__Adygeja_Resp_inc_20121001_000000_20121101_000000_1.xml.zip
[2013-08-27 12:42:30.170658] notification__Adygeja_Resp_inc_20121001_000000_20121101_000000_2.xml.zip
[2013-08-27 12:42:30.778125] notification__Adygeja_Resp_inc_20121001_000000_20121101_000000_3.xml.zip
[2013-08-27 12:42:31.819275] notification__Adygeja_Resp_inc_20121001_000000_20121101_000000_4.xml.zip
[2013-08-27 12:42:32.009778] notification__Adygeja_Resp_inc_20121001_000000_20121101_000000_5.xml.zip
[2013-08-27 12:42:32.177683] notification__Adygeja_Resp_inc_20121001_000000_20121101_000000_6.xml.zip
[2013-08-27 12:42:32.344474] notification__Adygeja_Resp_inc_20121101_000000_20121201_000000_1.xml.zip
[2013-08-27 12:42:32.555089] notification__Adygeja_Resp_inc_20121101_000000_20121201_000000_2.xml.zip
[2013-08-27 12:42:33.516479] notification__Adygeja_Resp_inc_20121101_000000_20121201_000000_3.xml.zip
[2013-08-27 12:42:34.626652] notification__Adygeja_Resp_inc_20121101_000000_20121201_000000_4.xml.zip
[2013-08-27 12:42:34.831861] notification__Adygeja_Resp_inc_20121101_000000_20121201_000000_5.xml.zip
[2013-08-27 12:42:35.008605] notification__Adygeja_Resp_inc_20121101_000000_20121201_000000_6.xml.zip
[2013-08-27 12:42:35.203986] notification__Adygeja_Resp_inc_20121201_000000_20130101_000000_1.xml.zip
[2013-08-27 12:42:35.386852] notification__Adygeja_Resp_inc_20121201_000000_20130101_000000_2.xml.zip
[2013-08-27 12:42:36.019168] notification__Adygeja_Resp_inc_20121201_000000_20130101_000000_3.xml.zip
[2013-08-27 12:42:36.835931] notification__Adygeja_Resp_inc_20121201_000000_20130101_000000_4.xml.zip
[2013-08-27 12:42:37.045953] notification__Adygeja_Resp_inc_20121201_000000_20130101_000000_5.xml.zip
[2013-08-27 12:42:37.213245] notification__Adygeja_Resp_inc_20121201_000000_20130101_000000_6.xml.zip
[2013-08-27 12:42:37.398551] notification__Adygeja_Resp_inc_20130101_000000_20130201_000000_1.xml.zip
[2013-08-27 12:42:37.581001] notification__Adygeja_Resp_inc_20130101_000000_20130201_000000_2.xml.zip
[2013-08-27 12:42:37.967403] notification__Adygeja_Resp_inc_20130101_000000_20130201_000000_3.xml.zip
[2013-08-27 12:42:38.237081] notification__Adygeja_Resp_inc_20130101_000000_20130201_000000_4.xml.zip
[2013-08-27 12:42:38.412174] notification__Adygeja_Resp_inc_20130101_000000_20130201_000000_5.xml.zip
[2013-08-27 12:42:38.583568] notification__Adygeja_Resp_inc_20130101_000000_20130201_000000_6.xml.zip
[2013-08-27 12:42:39.077442] notification__Adygeja_Resp_inc_20130201_000000_20130301_000000_1.xml.zip
[2013-08-27 12:42:39.290468] notification__Adygeja_Resp_inc_20130201_000000_20130301_000000_2.xml.zip
[2013-08-27 12:42:39.776926] notification__Adygeja_Resp_inc_20130201_000000_20130301_000000_3.xml.zip
[2013-08-27 12:42:40.098278] notification__Adygeja_Resp_inc_20130201_000000_20130301_000000_4.xml.zip
[2013-08-27 12:42:40.270103] notification__Adygeja_Resp_inc_20130201_000000_20130301_000000_5.xml.zip
[2013-08-27 12:42:40.443865] notification__Adygeja_Resp_inc_20130201_000000_20130301_000000_6.xml.zip
[2013-08-27 12:42:40.614588] notification__Adygeja_Resp_inc_20130301_000000_20130401_000000_1.xml.zip
[2013-08-27 12:42:40.827154] notification__Adygeja_Resp_inc_20130301_000000_20130401_000000_2.xml.zip
[2013-08-27 12:42:41.243538] notification__Adygeja_Resp_inc_20130301_000000_20130401_000000_3.xml.zip
[2013-08-27 12:42:41.736252] notification__Adygeja_Resp_inc_20130301_000000_20130401_000000_4.xml.zip
[2013-08-27 12:42:41.933730] notification__Adygeja_Resp_inc_20130301_000000_20130401_000000_5.xml.zip
[2013-08-27 12:42:42.102555] notification__Adygeja_Resp_inc_20130301_000000_20130401_000000_6.xml.zip
[2013-08-27 12:42:42.284778] notification__Adygeja_Resp_inc_20130401_000000_20130501_000000_1.xml.zip
[2013-08-27 12:42:42.464021] notification__Adygeja_Resp_inc_20130401_000000_20130501_000000_2.xml.zip
[2013-08-27 12:42:43.170359] notification__Adygeja_Resp_inc_20130401_000000_20130501_000000_3.xml.zip
[2013-08-27 12:42:43.530930] notification__Adygeja_Resp_inc_20130401_000000_20130501_000000_4.xml.zip
[2013-08-27 12:42:43.896530] notification__Adygeja_Resp_inc_20130401_000000_20130501_000000_5.xml.zip
[2013-08-27 12:42:44.062651] notification__Adygeja_Resp_inc_20130401_000000_20130501_000000_6.xml.zip
[2013-08-27 12:42:44.235627] notification__Adygeja_Resp_inc_20130501_000000_20130601_000000_1.xml.zip
[2013-08-27 12:42:44.417879] notification__Adygeja_Resp_inc_20130501_000000_20130601_000000_2.xml.zip
[2013-08-27 12:42:44.993441] notification__Adygeja_Resp_inc_20130501_000000_20130601_000000_3.xml.zip
[2013-08-27 12:42:45.326881] notification__Adygeja_Resp_inc_20130501_000000_20130601_000000_4.xml.zip
[2013-08-27 12:42:45.495057] notification__Adygeja_Resp_inc_20130501_000000_20130601_000000_5.xml.zip
[2013-08-27 12:42:45.664978] notification__Adygeja_Resp_inc_20130501_000000_20130601_000000_6.xml.zip
[2013-08-27 12:42:45.835868] notification__Adygeja_Resp_inc_20130601_000000_20130701_000000_1.xml.zip
[2013-08-27 12:42:46.007461] notification__Adygeja_Resp_inc_20130601_000000_20130701_000000_2.xml.zip
[2013-08-27 12:42:46.636274] notification__Adygeja_Resp_inc_20130601_000000_20130701_000000_3.xml.zip
[2013-08-27 12:42:47.258696] notification__Adygeja_Resp_inc_20130601_000000_20130701_000000_4.xml.zip
[2013-08-27 12:42:47.442658] notification__Adygeja_Resp_inc_20130601_000000_20130701_000000_5.xml.zip
[2013-08-27 12:42:47.612850] notification__Adygeja_Resp_inc_20130601_000000_20130701_000000_6.xml.zip
[2013-08-27 12:42:47.788003] notification__Adygeja_Resp_inc_20130701_000000_20130801_000000_1.xml.zip
[2013-08-27 12:42:47.951105] notification__Adygeja_Resp_inc_20130701_000000_20130801_000000_2.xml.zip
[2013-08-27 12:42:48.672389] notification__Adygeja_Resp_inc_20130701_000000_20130801_000000_3.xml.zip
[2013-08-27 12:42:49.086685] notification__Adygeja_Resp_inc_20130701_000000_20130801_000000_4.xml.zip
[2013-08-27 12:42:49.253192] notification__Adygeja_Resp_inc_20130701_000000_20130801_000000_5.xml.zip
[2013-08-27 12:42:49.430282] notification__Adygeja_Resp_inc_20130701_000000_20130801_000000_6.xml.zip
[2013-08-27 12:42:49.806945] notification__Altaj_Resp_inc_20110101_000000_20110201_000000_10.xml.zip
[2013-08-27 12:42:49.972285] notification__Altaj_Resp_inc_20110101_000000_20110201_000000_11.xml.zip
[2013-08-27 12:42:50.141372] notification__Altaj_Resp_inc_20110101_000000_20110201_000000_12.xml.zip
[2013-08-27 12:42:50.316797] notification__Altaj_Resp_inc_20110101_000000_20110201_000000_7.xml.zip
[2013-08-27 12:42:50.486714] notification__Altaj_Resp_inc_20110101_000000_20110201_000000_8.xml.zip
[2013-08-27 12:42:50.658649] notification__Altaj_Resp_inc_20110101_000000_20110201_000000_9.xml.zip
[2013-08-27 12:42:50.864902] notification__Altaj_Resp_inc_20110201_000000_20110301_000000_10.xml.zip
[2013-08-27 12:42:51.033319] notification__Altaj_Resp_inc_20110201_000000_20110301_000000_11.xml.zip
[2013-08-27 12:42:51.203613] notification__Altaj_Resp_inc_20110201_000000_20110301_000000_12.xml.zip
[2013-08-27 12:42:51.384491] notification__Altaj_Resp_inc_20110201_000000_20110301_000000_7.xml.zip
[2013-08-27 12:42:51.571360] notification__Altaj_Resp_inc_20110201_000000_20110301_000000_8.xml.zip
[2013-08-27 12:42:51.826372] notification__Altaj_Resp_inc_20110201_000000_20110301_000000_9.xml.zip
[2013-08-27 12:42:52.175196] notification__Altaj_Resp_inc_20110301_000000_20110401_000000_1.xml.zip
[2013-08-27 12:42:52.385297] notification__Altaj_Resp_inc_20110301_000000_20110401_000000_2.xml.zip
[2013-08-27 12:42:52.956269] notification__Altaj_Resp_inc_20110301_000000_20110401_000000_3.xml.zip
[2013-08-27 12:42:53.467102] notification__Altaj_Resp_inc_20110301_000000_20110401_000000_4.xml.zip
[2013-08-27 12:42:53.813548] notification__Altaj_Resp_inc_20110301_000000_20110401_000000_5.xml.zip
[2013-08-27 12:42:53.984972] notification__Altaj_Resp_inc_20110301_000000_20110401_000000_6.xml.zip
[2013-08-27 12:42:54.158936] notification__Altaj_Resp_inc_20110401_000000_20110501_000000_10.xml.zip
[2013-08-27 12:42:54.335783] notification__Altaj_Resp_inc_20110401_000000_20110501_000000_11.xml.zip
[2013-08-27 12:42:54.500883] notification__Altaj_Resp_inc_20110401_000000_20110501_000000_12.xml.zip
[2013-08-27 12:42:54.709369] notification__Altaj_Resp_inc_20110401_000000_20110501_000000_7.xml.zip
[2013-08-27 12:42:54.925875] notification__Altaj_Resp_inc_20110401_000000_20110501_000000_8.xml.zip
[2013-08-27 12:42:55.329241] notification__Altaj_Resp_inc_20110401_000000_20110501_000000_9.xml.zip
[2013-08-27 12:42:56.027879] notification__Altaj_Resp_inc_20110501_000000_20110601_000000_10.xml.zip
[2013-08-27 12:42:56.218135] notification__Altaj_Resp_inc_20110501_000000_20110601_000000_11.xml.zip
[2013-08-27 12:42:56.391955] notification__Altaj_Resp_inc_20110501_000000_20110601_000000_12.xml.zip
[2013-08-27 12:42:56.584502] notification__Altaj_Resp_inc_20110501_000000_20110601_000000_7.xml.zip
[2013-08-27 12:42:56.792202] notification__Altaj_Resp_inc_20110501_000000_20110601_000000_8.xml.zip
[2013-08-27 12:42:57.202641] notification__Altaj_Resp_inc_20110501_000000_20110601_000000_9.xml.zip
[2013-08-27 12:42:57.604241] notification__Altaj_Resp_inc_20110601_000000_20110701_000000_10.xml.zip
[2013-08-27 12:42:57.780123] notification__Altaj_Resp_inc_20110601_000000_20110701_000000_11.xml.zip
[2013-08-27 12:42:57.956324] notification__Altaj_Resp_inc_20110601_000000_20110701_000000_12.xml.zip
[2013-08-27 12:42:58.135229] notification__Altaj_Resp_inc_20110601_000000_20110701_000000_7.xml.zip
[2013-08-27 12:42:58.332870] notification__Altaj_Resp_inc_20110601_000000_20110701_000000_8.xml.zip
[2013-08-27 12:42:58.751009] notification__Altaj_Resp_inc_20110601_000000_20110701_000000_9.xml.zip
[2013-08-27 12:42:59.363055] notification__Altaj_Resp_inc_20110701_000000_20110801_000000_10.xml.zip
[2013-08-27 12:42:59.551168] notification__Altaj_Resp_inc_20110701_000000_20110801_000000_11.xml.zip
[2013-08-27 12:42:59.720814] notification__Altaj_Resp_inc_20110701_000000_20110801_000000_12.xml.zip
[2013-08-27 12:42:59.909744] notification__Altaj_Resp_inc_20110701_000000_20110801_000000_7.xml.zip
[2013-08-27 12:43:00.110889] notification__Altaj_Resp_inc_20110701_000000_20110801_000000_8.xml.zip
[2013-08-27 12:43:00.802255] notification__Altaj_Resp_inc_20110701_000000_20110801_000000_9.xml.zip
[2013-08-27 12:43:02.279737] notification__Altaj_Resp_inc_20110801_000000_20110901_000000_10.xml.zip
[2013-08-27 12:43:02.469621] notification__Altaj_Resp_inc_20110801_000000_20110901_000000_11.xml.zip
[2013-08-27 12:43:02.642337] notification__Altaj_Resp_inc_20110801_000000_20110901_000000_12.xml.zip
[2013-08-27 12:43:02.816952] notification__Altaj_Resp_inc_20110801_000000_20110901_000000_7.xml.zip
[2013-08-27 12:43:02.999260] notification__Altaj_Resp_inc_20110801_000000_20110901_000000_8.xml.zip
[2013-08-27 12:43:03.423452] notification__Altaj_Resp_inc_20110801_000000_20110901_000000_9.xml.zip
[2013-08-27 12:43:04.093265] notification__Altaj_Resp_inc_20110901_000000_20111001_000000_10.xml.zip
[2013-08-27 12:43:04.282497] notification__Altaj_Resp_inc_20110901_000000_20111001_000000_11.xml.zip
[2013-08-27 12:43:04.451245] notification__Altaj_Resp_inc_20110901_000000_20111001_000000_12.xml.zip
[2013-08-27 12:43:04.668088] notification__Altaj_Resp_inc_20110901_000000_20111001_000000_7.xml.zip
[2013-08-27 12:43:04.853670] notification__Altaj_Resp_inc_20110901_000000_20111001_000000_8.xml.zip
[2013-08-27 12:43:05.210666] notification__Altaj_Resp_inc_20110901_000000_20111001_000000_9.xml.zip
[2013-08-27 12:43:05.804135] notification__Altaj_Resp_inc_20111001_000000_20111101_000000_10.xml.zip
[2013-08-27 12:43:05.980754] notification__Altaj_Resp_inc_20111001_000000_20111101_000000_11.xml.zip
[2013-08-27 12:43:06.150237] notification__Altaj_Resp_inc_20111001_000000_20111101_000000_12.xml.zip
[2013-08-27 12:43:06.395504] notification__Altaj_Resp_inc_20111001_000000_20111101_000000_7.xml.zip
[2013-08-27 12:43:06.794219] notification__Altaj_Resp_inc_20111001_000000_20111101_000000_8.xml.zip
[2013-08-27 12:43:07.709534] notification__Altaj_Resp_inc_20111001_000000_20111101_000000_9.xml.zip
[2013-08-27 12:43:09.228836] notification__Altaj_Resp_inc_20111101_000000_20111201_000000_10.xml.zip
[2013-08-27 12:43:09.411831] notification__Altaj_Resp_inc_20111101_000000_20111201_000000_11.xml.zip
[2013-08-27 12:43:09.586187] notification__Altaj_Resp_inc_20111101_000000_20111201_000000_12.xml.zip
[2013-08-27 12:43:10.100824] notification__Altaj_Resp_inc_20111101_000000_20111201_000000_7.xml.zip
[2013-08-27 12:43:10.404748] notification__Altaj_Resp_inc_20111101_000000_20111201_000000_8.xml.zip
[2013-08-27 12:43:11.859335] notification__Altaj_Resp_inc_20111101_000000_20111201_000000_9.xml.zip
[2013-08-27 12:43:13.017690] notification__Altaj_Resp_inc_20111201_000000_20120101_000000_10.xml.zip
[2013-08-27 12:43:13.543920] notification__Altaj_Resp_inc_20111201_000000_20120101_000000_11.xml.zip
[2013-08-27 12:43:13.727971] notification__Altaj_Resp_inc_20111201_000000_20120101_000000_12.xml.zip
[2013-08-27 12:43:13.935826] notification__Altaj_Resp_inc_20111201_000000_20120101_000000_7.xml.zip
[2013-08-27 12:43:14.342713] notification__Altaj_Resp_inc_20111201_000000_20120101_000000_8.xml.zip
[2013-08-27 12:43:15.895347] notification__Altaj_Resp_inc_20111201_000000_20120101_000000_9.xml.zip
[2013-08-27 12:43:17.633670] notification__Altaj_Resp_inc_20120101_000000_20120201_000000_10.xml.zip
[2013-08-27 12:43:17.838575] notification__Altaj_Resp_inc_20120101_000000_20120201_000000_11.xml.zip
[2013-08-27 12:43:18.066920] notification__Altaj_Resp_inc_20120101_000000_20120201_000000_12.xml.zip
[2013-08-27 12:43:18.304996] notification__Altaj_Resp_inc_20120101_000000_20120201_000000_7.xml.zip
[2013-08-27 12:43:18.513625] notification__Altaj_Resp_inc_20120101_000000_20120201_000000_8.xml.zip
[2013-08-27 12:43:19.208806] notification__Altaj_Resp_inc_20120101_000000_20120201_000000_9.xml.zip
[2013-08-27 12:43:19.724111] notification__Altaj_Resp_inc_20120201_000000_20120301_000000_10.xml.zip
[2013-08-27 12:43:19.899193] notification__Altaj_Resp_inc_20120201_000000_20120301_000000_11.xml.zip
[2013-08-27 12:43:20.075443] notification__Altaj_Resp_inc_20120201_000000_20120301_000000_12.xml.zip
[2013-08-27 12:43:20.251499] notification__Altaj_Resp_inc_20120201_000000_20120301_000000_7.xml.zip
[2013-08-27 12:43:20.447275] notification__Altaj_Resp_inc_20120201_000000_20120301_000000_8.xml.zip
[2013-08-27 12:43:21.052602] notification__Altaj_Resp_inc_20120201_000000_20120301_000000_9.xml.zip
[2013-08-27 12:43:21.891256] notification__Altaj_Resp_inc_20120301_000000_20120401_000000_10.xml.zip
[2013-08-27 12:43:22.079723] notification__Altaj_Resp_inc_20120301_000000_20120401_000000_11.xml.zip
[2013-08-27 12:43:22.260425] notification__Altaj_Resp_inc_20120301_000000_20120401_000000_12.xml.zip
[2013-08-27 12:43:22.450642] notification__Altaj_Resp_inc_20120301_000000_20120401_000000_7.xml.zip
[2013-08-27 12:43:22.716705] notification__Altaj_Resp_inc_20120301_000000_20120401_000000_8.xml.zip
[2013-08-27 12:43:23.743287] notification__Altaj_Resp_inc_20120301_000000_20120401_000000_9.xml.zip
[2013-08-27 12:43:24.258625] notification__Altaj_Resp_inc_20120401_000000_20120501_000000_10.xml.zip
[2013-08-27 12:43:24.442733] notification__Altaj_Resp_inc_20120401_000000_20120501_000000_11.xml.zip
[2013-08-27 12:43:24.609931] notification__Altaj_Resp_inc_20120401_000000_20120501_000000_12.xml.zip
[2013-08-27 12:43:24.855604] notification__Altaj_Resp_inc_20120401_000000_20120501_000000_7.xml.zip
[2013-08-27 12:43:25.079404] notification__Altaj_Resp_inc_20120401_000000_20120501_000000_8.xml.zip
[2013-08-27 12:43:25.453251] notification__Altaj_Resp_inc_20120401_000000_20120501_000000_9.xml.zip
[2013-08-27 12:43:26.249918] notification__Altaj_Resp_inc_20120501_000000_20120601_000000_10.xml.zip
[2013-08-27 12:43:26.457418] notification__Altaj_Resp_inc_20120501_000000_20120601_000000_11.xml.zip
[2013-08-27 12:43:26.641186] notification__Altaj_Resp_inc_20120501_000000_20120601_000000_12.xml.zip
[2013-08-27 12:43:26.818999] notification__Altaj_Resp_inc_20120501_000000_20120601_000000_7.xml.zip
[2013-08-27 12:43:27.008329] notification__Altaj_Resp_inc_20120501_000000_20120601_000000_8.xml.zip
[2013-08-27 12:43:27.611482] notification__Altaj_Resp_inc_20120501_000000_20120601_000000_9.xml.zip
[2013-08-27 12:43:28.116577] notification__Altaj_Resp_inc_20120601_000000_20120701_000000_10.xml.zip
[2013-08-27 12:43:28.314418] notification__Altaj_Resp_inc_20120601_000000_20120701_000000_11.xml.zip
[2013-08-27 12:43:28.502104] notification__Altaj_Resp_inc_20120601_000000_20120701_000000_12.xml.zip
[2013-08-27 12:43:28.716970] notification__Altaj_Resp_inc_20120601_000000_20120701_000000_7.xml.zip
[2013-08-27 12:43:28.894800] notification__Altaj_Resp_inc_20120601_000000_20120701_000000_8.xml.zip
[2013-08-27 12:43:29.374756] notification__Altaj_Resp_inc_20120601_000000_20120701_000000_9.xml.zip
[2013-08-27 12:43:29.965944] notification__Altaj_Resp_inc_20120701_000000_20120801_000000_10.xml.zip
[2013-08-27 12:43:30.142064] notification__Altaj_Resp_inc_20120701_000000_20120801_000000_11.xml.zip
[2013-08-27 12:43:30.309305] notification__Altaj_Resp_inc_20120701_000000_20120801_000000_12.xml.zip
[2013-08-27 12:43:30.491106] notification__Altaj_Resp_inc_20120701_000000_20120801_000000_7.xml.zip
[2013-08-27 12:43:30.694695] notification__Altaj_Resp_inc_20120701_000000_20120801_000000_8.xml.zip
[2013-08-27 12:43:31.100007] notification__Altaj_Resp_inc_20120701_000000_20120801_000000_9.xml.zip
[2013-08-27 12:43:31.565575] notification__Altaj_Resp_inc_20120801_000000_20120901_000000_10.xml.zip
[2013-08-27 12:43:31.736658] notification__Altaj_Resp_inc_20120801_000000_20120901_000000_11.xml.zip
[2013-08-27 12:43:31.909221] notification__Altaj_Resp_inc_20120801_000000_20120901_000000_12.xml.zip
[2013-08-27 12:43:32.092170] notification__Altaj_Resp_inc_20120801_000000_20120901_000000_7.xml.zip
[2013-08-27 12:43:32.269402] notification__Altaj_Resp_inc_20120801_000000_20120901_000000_8.xml.zip
[2013-08-27 12:43:32.685661] notification__Altaj_Resp_inc_20120801_000000_20120901_000000_9.xml.zip
[2013-08-27 12:43:33.249222] notification__Altaj_Resp_inc_20120901_000000_20121001_000000_10.xml.zip
[2013-08-27 12:43:33.430070] notification__Altaj_Resp_inc_20120901_000000_20121001_000000_11.xml.zip
[2013-08-27 12:43:33.598856] notification__Altaj_Resp_inc_20120901_000000_20121001_000000_12.xml.zip
[2013-08-27 12:43:33.785844] notification__Altaj_Resp_inc_20120901_000000_20121001_000000_7.xml.zip
[2013-08-27 12:43:33.963610] notification__Altaj_Resp_inc_20120901_000000_20121001_000000_8.xml.zip
[2013-08-27 12:43:34.352306] notification__Altaj_Resp_inc_20120901_000000_20121001_000000_9.xml.zip
[2013-08-27 12:43:34.864046] notification__Altaj_Resp_inc_20121001_000000_20121101_000000_10.xml.zip
[2013-08-27 12:43:35.036750] notification__Altaj_Resp_inc_20121001_000000_20121101_000000_11.xml.zip
[2013-08-27 12:43:35.209339] notification__Altaj_Resp_inc_20121001_000000_20121101_000000_12.xml.zip
[2013-08-27 12:43:35.389541] notification__Altaj_Resp_inc_20121001_000000_20121101_000000_7.xml.zip
[2013-08-27 12:43:35.571073] notification__Altaj_Resp_inc_20121001_000000_20121101_000000_8.xml.zip
[2013-08-27 12:43:36.361336] notification__Altaj_Resp_inc_20121001_000000_20121101_000000_9.xml.zip
[2013-08-27 12:43:37.130511] notification__Altaj_Resp_inc_20121101_000000_20121201_000000_10.xml.zip
[2013-08-27 12:43:37.313898] notification__Altaj_Resp_inc_20121101_000000_20121201_000000_11.xml.zip
[2013-08-27 12:43:37.487545] notification__Altaj_Resp_inc_20121101_000000_20121201_000000_12.xml.zip
[2013-08-27 12:43:37.719697] notification__Altaj_Resp_inc_20121101_000000_20121201_000000_7.xml.zip
[2013-08-27 12:43:37.992204] notification__Altaj_Resp_inc_20121101_000000_20121201_000000_8.xml.zip
[2013-08-27 12:43:38.816039] notification__Altaj_Resp_inc_20121101_000000_20121201_000000_9.xml.zip
[2013-08-27 12:43:39.840796] notification__Altaj_Resp_inc_20121201_000000_20130101_000000_10.xml.zip
[2013-08-27 12:43:40.029907] notification__Altaj_Resp_inc_20121201_000000_20130101_000000_11.xml.zip
[2013-08-27 12:43:40.213722] notification__Altaj_Resp_inc_20121201_000000_20130101_000000_12.xml.zip
[2013-08-27 12:43:40.397760] notification__Altaj_Resp_inc_20121201_000000_20130101_000000_7.xml.zip
[2013-08-27 12:43:40.596126] notification__Altaj_Resp_inc_20121201_000000_20130101_000000_8.xml.zip
[2013-08-27 12:43:41.506153] notification__Altaj_Resp_inc_20121201_000000_20130101_000000_9.xml.zip
[2013-08-27 12:43:42.143731] notification__Altaj_Resp_inc_20130101_000000_20130201_000000_10.xml.zip
[2013-08-27 12:43:42.346146] notification__Altaj_Resp_inc_20130101_000000_20130201_000000_11.xml.zip
[2013-08-27 12:43:42.523389] notification__Altaj_Resp_inc_20130101_000000_20130201_000000_12.xml.zip
[2013-08-27 12:43:42.741590] notification__Altaj_Resp_inc_20130101_000000_20130201_000000_7.xml.zip
[2013-08-27 12:43:42.965902] notification__Altaj_Resp_inc_20130101_000000_20130201_000000_8.xml.zip
[2013-08-27 12:43:43.289138] notification__Altaj_Resp_inc_20130101_000000_20130201_000000_9.xml.zip
[2013-08-27 12:43:43.774069] notification__Altaj_Resp_inc_20130201_000000_20130301_000000_10.xml.zip
[2013-08-27 12:43:43.947088] notification__Altaj_Resp_inc_20130201_000000_20130301_000000_11.xml.zip
[2013-08-27 12:43:44.119664] notification__Altaj_Resp_inc_20130201_000000_20130301_000000_12.xml.zip
[2013-08-27 12:43:44.314994] notification__Altaj_Resp_inc_20130201_000000_20130301_000000_7.xml.zip
[2013-08-27 12:43:44.499135] notification__Altaj_Resp_inc_20130201_000000_20130301_000000_8.xml.zip
[2013-08-27 12:43:44.899467] notification__Altaj_Resp_inc_20130201_000000_20130301_000000_9.xml.zip
[2013-08-27 12:43:45.620369] notification__Altaj_Resp_inc_20130301_000000_20130401_000000_10.xml.zip
[2013-08-27 12:43:45.817211] notification__Altaj_Resp_inc_20130301_000000_20130401_000000_11.xml.zip
[2013-08-27 12:43:45.993778] notification__Altaj_Resp_inc_20130301_000000_20130401_000000_12.xml.zip
[2013-08-27 12:43:46.168485] notification__Altaj_Resp_inc_20130301_000000_20130401_000000_7.xml.zip
[2013-08-27 12:43:46.351963] notification__Altaj_Resp_inc_20130301_000000_20130401_000000_8.xml.zip
[2013-08-27 12:43:46.724533] notification__Altaj_Resp_inc_20130301_000000_20130401_000000_9.xml.zip
[2013-08-27 12:43:47.163259] notification__Altaj_Resp_inc_20130401_000000_20130501_000000_10.xml.zip
[2013-08-27 12:43:47.335581] notification__Altaj_Resp_inc_20130401_000000_20130501_000000_11.xml.zip
[2013-08-27 12:43:47.508392] notification__Altaj_Resp_inc_20130401_000000_20130501_000000_12.xml.zip
[2013-08-27 12:43:47.695457] notification__Altaj_Resp_inc_20130401_000000_20130501_000000_7.xml.zip
[2013-08-27 12:43:47.864703] notification__Altaj_Resp_inc_20130401_000000_20130501_000000_8.xml.zip
[2013-08-27 12:43:48.232208] notification__Altaj_Resp_inc_20130401_000000_20130501_000000_9.xml.zip
[2013-08-27 12:43:48.857711] notification__Altaj_Resp_inc_20130501_000000_20130601_000000_10.xml.zip
[2013-08-27 12:43:49.041919] notification__Altaj_Resp_inc_20130501_000000_20130601_000000_11.xml.zip
[2013-08-27 12:43:49.207563] notification__Altaj_Resp_inc_20130501_000000_20130601_000000_12.xml.zip
[2013-08-27 12:43:49.427649] notification__Altaj_Resp_inc_20130501_000000_20130601_000000_7.xml.zip
[2013-08-27 12:43:49.626678] notification__Altaj_Resp_inc_20130501_000000_20130601_000000_8.xml.zip
[2013-08-27 12:43:50.041036] notification__Altaj_Resp_inc_20130501_000000_20130601_000000_9.xml.zip
[2013-08-27 12:43:50.438723] notification__Altaj_Resp_inc_20130601_000000_20130701_000000_10.xml.zip
[2013-08-27 12:43:50.614204] notification__Altaj_Resp_inc_20130601_000000_20130701_000000_11.xml.zip
[2013-08-27 12:43:50.777581] notification__Altaj_Resp_inc_20130601_000000_20130701_000000_12.xml.zip
[2013-08-27 12:43:50.974119] notification__Altaj_Resp_inc_20130601_000000_20130701_000000_7.xml.zip
[2013-08-27 12:43:51.151503] notification__Altaj_Resp_inc_20130601_000000_20130701_000000_8.xml.zip
[2013-08-27 12:43:51.633437] notification__Altaj_Resp_inc_20130601_000000_20130701_000000_9.xml.zip
[2013-08-27 12:43:52.090656] notification__Altaj_Resp_inc_20130701_000000_20130801_000000_10.xml.zip
[2013-08-27 12:43:52.264292] notification__Altaj_Resp_inc_20130701_000000_20130801_000000_11.xml.zip
[2013-08-27 12:43:52.431241] notification__Altaj_Resp_inc_20130701_000000_20130801_000000_12.xml.zip
[2013-08-27 12:43:52.612675] notification__Altaj_Resp_inc_20130701_000000_20130801_000000_7.xml.zip
[2013-08-27 12:43:52.785771] notification__Altaj_Resp_inc_20130701_000000_20130801_000000_8.xml.zip
[2013-08-27 12:43:53.244271] notification__Altaj_Resp_inc_20130701_000000_20130801_000000_9.xml.zip
[2013-08-27 12:43:53.912553] notification__Altajskij_kraj_inc_20110101_000000_20110201_000000_13.xml.zip
[2013-08-27 12:43:54.086506] notification__Altajskij_kraj_inc_20110101_000000_20110201_000000_14.xml.zip
[2013-08-27 12:43:54.279369] notification__Altajskij_kraj_inc_20110101_000000_20110201_000000_15.xml.zip
[2013-08-27 12:43:54.593492] notification__Altajskij_kraj_inc_20110101_000000_20110201_000000_16.xml.zip
[2013-08-27 12:43:54.759657] notification__Altajskij_kraj_inc_20110101_000000_20110201_000000_17.xml.zip
[2013-08-27 12:43:54.928965] notification__Altajskij_kraj_inc_20110101_000000_20110201_000000_18.xml.zip
[2013-08-27 12:43:55.104205] notification__Altajskij_kraj_inc_20110201_000000_20110301_000000_13.xml.zip
[2013-08-27 12:43:55.308979] notification__Altajskij_kraj_inc_20110201_000000_20110301_000000_14.xml.zip
[2013-08-27 12:43:55.744879] notification__Altajskij_kraj_inc_20110201_000000_20110301_000000_15.xml.zip
[2013-08-27 12:43:56.832599] notification__Altajskij_kraj_inc_20110201_000000_20110301_000000_16.xml.zip
[2013-08-27 12:43:57.020307] notification__Altajskij_kraj_inc_20110201_000000_20110301_000000_17.xml.zip
[2013-08-27 12:43:57.190064] notification__Altajskij_kraj_inc_20110201_000000_20110301_000000_18.xml.zip
[2013-08-27 12:43:57.378141] notification__Altajskij_kraj_inc_20110301_000000_20110401_000000_1.xml.zip
[2013-08-27 12:43:57.674799] notification__Altajskij_kraj_inc_20110301_000000_20110401_000000_2.xml.zip
[2013-08-27 12:43:58.999355] notification__Altajskij_kraj_inc_20110301_000000_20110401_000000_3.xml.zip
[2013-08-27 12:44:00.800958] notification__Altajskij_kraj_inc_20110301_000000_20110401_000000_4.xml.zip
[2013-08-27 12:44:01.014930] notification__Altajskij_kraj_inc_20110301_000000_20110401_000000_5.xml.zip
[2013-08-27 12:44:01.194867] notification__Altajskij_kraj_inc_20110301_000000_20110401_000000_6.xml.zip
[2013-08-27 12:44:01.400618] notification__Altajskij_kraj_inc_20110401_000000_20110501_000000_13.xml.zip
[2013-08-27 12:44:01.699277] notification__Altajskij_kraj_inc_20110401_000000_20110501_000000_14.xml.zip
[2013-08-27 12:44:03.115383] notification__Altajskij_kraj_inc_20110401_000000_20110501_000000_15.xml.zip
[2013-08-27 12:44:05.157397] notification__Altajskij_kraj_inc_20110401_000000_20110501_000000_16.xml.zip
[2013-08-27 12:44:05.383246] notification__Altajskij_kraj_inc_20110401_000000_20110501_000000_17.xml.zip
[2013-08-27 12:44:05.563382] notification__Altajskij_kraj_inc_20110401_000000_20110501_000000_18.xml.zip
[2013-08-27 12:44:05.757307] notification__Altajskij_kraj_inc_20110501_000000_20110601_000000_13.xml.zip
[2013-08-27 12:44:06.026912] notification__Altajskij_kraj_inc_20110501_000000_20110601_000000_14.xml.zip
[2013-08-27 12:44:07.332538] notification__Altajskij_kraj_inc_20110501_000000_20110601_000000_15.xml.zip
[2013-08-27 12:44:09.314745] notification__Altajskij_kraj_inc_20110501_000000_20110601_000000_16.xml.zip
[2013-08-27 12:44:09.538471] notification__Altajskij_kraj_inc_20110501_000000_20110601_000000_17.xml.zip
[2013-08-27 12:44:09.716327] notification__Altajskij_kraj_inc_20110501_000000_20110601_000000_18.xml.zip
[2013-08-27 12:44:09.906644] notification__Altajskij_kraj_inc_20110601_000000_20110701_000000_13.xml.zip
[2013-08-27 12:44:10.171089] notification__Altajskij_kraj_inc_20110601_000000_20110701_000000_14.xml.zip
[2013-08-27 12:44:12.416081] notification__Altajskij_kraj_inc_20110601_000000_20110701_000000_15.xml.zip
[2013-08-27 12:44:16.339825] notification__Altajskij_kraj_inc_20110601_000000_20110701_000000_16.xml.zip
[2013-08-27 12:44:16.624787] notification__Altajskij_kraj_inc_20110601_000000_20110701_000000_17.xml.zip
[2013-08-27 12:44:16.831763] notification__Altajskij_kraj_inc_20110601_000000_20110701_000000_18.xml.zip
[2013-08-27 12:44:17.071758] notification__Altajskij_kraj_inc_20110701_000000_20110801_000000_13.xml.zip
[2013-08-27 12:44:17.472067] notification__Altajskij_kraj_inc_20110701_000000_20110801_000000_14.xml.zip
[2013-08-27 12:44:20.341759] notification__Altajskij_kraj_inc_20110701_000000_20110801_000000_15.xml.zip
[2013-08-27 12:44:23.673972] notification__Altajskij_kraj_inc_20110701_000000_20110801_000000_16.xml.zip
[2013-08-27 12:44:23.965608] notification__Altajskij_kraj_inc_20110701_000000_20110801_000000_17.xml.zip
[2013-08-27 12:44:24.153933] notification__Altajskij_kraj_inc_20110701_000000_20110801_000000_18.xml.zip
[2013-08-27 12:44:24.380001] notification__Altajskij_kraj_inc_20110801_000000_20110901_000000_13.xml.zip
[2013-08-27 12:44:24.750605] notification__Altajskij_kraj_inc_20110801_000000_20110901_000000_14.xml.zip
[2013-08-27 12:44:28.931195] notification__Altajskij_kraj_inc_20110801_000000_20110901_000000_15.xml.zip
[2013-08-27 12:44:32.278619] notification__Altajskij_kraj_inc_20110801_000000_20110901_000000_16.xml.zip
[2013-08-27 12:44:32.522351] notification__Altajskij_kraj_inc_20110801_000000_20110901_000000_17.xml.zip
[2013-08-27 12:44:32.713344] notification__Altajskij_kraj_inc_20110801_000000_20110901_000000_18.xml.zip
[2013-08-27 12:44:32.938779] notification__Altajskij_kraj_inc_20110901_000000_20111001_000000_13.xml.zip
[2013-08-27 12:44:33.311404] notification__Altajskij_kraj_inc_20110901_000000_20111001_000000_14.xml.zip
[2013-08-27 12:44:37.289275] notification__Altajskij_kraj_inc_20110901_000000_20111001_000000_15.xml.zip
[2013-08-27 12:44:39.605526] notification__Altajskij_kraj_inc_20110901_000000_20111001_000000_16.xml.zip
[2013-08-27 12:44:39.838199] notification__Altajskij_kraj_inc_20110901_000000_20111001_000000_17.xml.zip
[2013-08-27 12:44:40.009593] notification__Altajskij_kraj_inc_20110901_000000_20111001_000000_18.xml.zip
[2013-08-27 12:44:40.205273] notification__Altajskij_kraj_inc_20111001_000000_20111101_000000_13.xml.zip
[2013-08-27 12:44:40.460392] notification__Altajskij_kraj_inc_20111001_000000_20111101_000000_14.xml.zip
[2013-08-27 12:44:42.499609] notification__Altajskij_kraj_inc_20111001_000000_20111101_000000_15.xml.zip
[2013-08-27 12:44:44.252320] notification__Altajskij_kraj_inc_20111001_000000_20111101_000000_16.xml.zip
[2013-08-27 12:44:44.475771] notification__Altajskij_kraj_inc_20111001_000000_20111101_000000_17.xml.zip
[2013-08-27 12:44:44.659249] notification__Altajskij_kraj_inc_20111001_000000_20111101_000000_18.xml.zip
[2013-08-27 12:44:44.847736] notification__Altajskij_kraj_inc_20111101_000000_20111201_000000_13.xml.zip
[2013-08-27 12:44:45.248380] notification__Altajskij_kraj_inc_20111101_000000_20111201_000000_14.xml.zip
[2013-08-27 12:44:48.174796] notification__Altajskij_kraj_inc_20111101_000000_20111201_000000_15.xml.zip
[2013-08-27 12:44:50.193202] notification__Altajskij_kraj_inc_20111101_000000_20111201_000000_16.xml.zip
[2013-08-27 12:44:50.448222] notification__Altajskij_kraj_inc_20111101_000000_20111201_000000_17.xml.zip
[2013-08-27 12:44:50.635672] notification__Altajskij_kraj_inc_20111101_000000_20111201_000000_18.xml.zip
[2013-08-27 12:44:50.938261] notification__Altajskij_kraj_inc_20111201_000000_20120101_000000_13.xml.zip
[2013-08-27 12:44:51.606176] notification__Altajskij_kraj_inc_20111201_000000_20120101_000000_14.xml.zip
[2013-08-27 12:44:55.259747] notification__Altajskij_kraj_inc_20111201_000000_20120101_000000_15.xml.zip
[2013-08-27 12:44:58.407456] notification__Altajskij_kraj_inc_20111201_000000_20120101_000000_16.xml.zip
[2013-08-27 12:44:58.667274] notification__Altajskij_kraj_inc_20111201_000000_20120101_000000_17.xml.zip
[2013-08-27 12:44:58.841266] notification__Altajskij_kraj_inc_20111201_000000_20120101_000000_18.xml.zip
[2013-08-27 12:44:59.038705] notification__Altajskij_kraj_inc_20120101_000000_20120201_000000_13.xml.zip
[2013-08-27 12:44:59.492362] notification__Altajskij_kraj_inc_20120101_000000_20120201_000000_14.xml.zip
[2013-08-27 12:45:00.871071] notification__Altajskij_kraj_inc_20120101_000000_20120201_000000_15.xml.zip
[2013-08-27 12:45:01.488683] notification__Altajskij_kraj_inc_20120101_000000_20120201_000000_16.xml.zip
[2013-08-27 12:45:01.668809] notification__Altajskij_kraj_inc_20120101_000000_20120201_000000_17.xml.zip
[2013-08-27 12:45:01.834960] notification__Altajskij_kraj_inc_20120101_000000_20120201_000000_18.xml.zip
[2013-08-27 12:45:02.013648] notification__Altajskij_kraj_inc_20120201_000000_20120301_000000_13.xml.zip
[2013-08-27 12:45:02.262818] notification__Altajskij_kraj_inc_20120201_000000_20120301_000000_14.xml.zip
[2013-08-27 12:45:03.446971] notification__Altajskij_kraj_inc_20120201_000000_20120301_000000_15.xml.zip
[2013-08-27 12:45:04.162972] notification__Altajskij_kraj_inc_20120201_000000_20120301_000000_16.xml.zip
[2013-08-27 12:45:04.364490] notification__Altajskij_kraj_inc_20120201_000000_20120301_000000_17.xml.zip
[2013-08-27 12:45:04.553710] notification__Altajskij_kraj_inc_20120201_000000_20120301_000000_18.xml.zip
[2013-08-27 12:45:04.737921] notification__Altajskij_kraj_inc_20120301_000000_20120401_000000_13.xml.zip
[2013-08-27 12:45:04.973367] notification__Altajskij_kraj_inc_20120301_000000_20120401_000000_14.xml.zip
[2013-08-27 12:45:07.047249] notification__Altajskij_kraj_inc_20120301_000000_20120401_000000_15.xml.zip
[2013-08-27 12:45:08.329730] notification__Altajskij_kraj_inc_20120301_000000_20120401_000000_16.xml.zip
[2013-08-27 12:45:08.533512] notification__Altajskij_kraj_inc_20120301_000000_20120401_000000_17.xml.zip
[2013-08-27 12:45:08.704497] notification__Altajskij_kraj_inc_20120301_000000_20120401_000000_18.xml.zip
[2013-08-27 12:45:08.905824] notification__Altajskij_kraj_inc_20120401_000000_20120501_000000_13.xml.zip
[2013-08-27 12:45:09.152149] notification__Altajskij_kraj_inc_20120401_000000_20120501_000000_14.xml.zip
[2013-08-27 12:45:10.915043] notification__Altajskij_kraj_inc_20120401_000000_20120501_000000_15.xml.zip
[2013-08-27 12:45:11.780194] notification__Altajskij_kraj_inc_20120401_000000_20120501_000000_16.xml.zip
[2013-08-27 12:45:11.971415] notification__Altajskij_kraj_inc_20120401_000000_20120501_000000_17.xml.zip
[2013-08-27 12:45:12.148588] notification__Altajskij_kraj_inc_20120401_000000_20120501_000000_18.xml.zip
[2013-08-27 12:45:12.345937] notification__Altajskij_kraj_inc_20120501_000000_20120601_000000_13.xml.zip
[2013-08-27 12:45:12.655155] notification__Altajskij_kraj_inc_20120501_000000_20120601_000000_14.xml.zip
[2013-08-27 12:45:17.352966] notification__Altajskij_kraj_inc_20120501_000000_20120601_000000_15.xml.zip
[2013-08-27 12:45:19.087374] notification__Altajskij_kraj_inc_20120501_000000_20120601_000000_16.xml.zip
[2013-08-27 12:45:19.293199] notification__Altajskij_kraj_inc_20120501_000000_20120601_000000_17.xml.zip
[2013-08-27 12:45:19.475034] notification__Altajskij_kraj_inc_20120501_000000_20120601_000000_18.xml.zip
[2013-08-27 12:45:19.691876] notification__Altajskij_kraj_inc_20120601_000000_20120701_000000_13.xml.zip
[2013-08-27 12:45:20.021110] notification__Altajskij_kraj_inc_20120601_000000_20120701_000000_14.xml.zip
[2013-08-27 12:45:24.470963] notification__Altajskij_kraj_inc_20120601_000000_20120701_000000_15.xml.zip
[2013-08-27 12:45:26.995650] notification__Altajskij_kraj_inc_20120601_000000_20120701_000000_16.xml.zip
[2013-08-27 12:45:27.278187] notification__Altajskij_kraj_inc_20120601_000000_20120701_000000_17.xml.zip
[2013-08-27 12:45:27.503929] notification__Altajskij_kraj_inc_20120601_000000_20120701_000000_18.xml.zip
[2013-08-27 12:45:27.841440] notification__Altajskij_kraj_inc_20120701_000000_20120801_000000_13.xml.zip
[2013-08-27 12:45:28.206215] notification__Altajskij_kraj_inc_20120701_000000_20120801_000000_14.xml.zip
[2013-08-27 12:45:33.045674] notification__Altajskij_kraj_inc_20120701_000000_20120801_000000_15.xml.zip
[2013-08-27 12:45:34.973890] notification__Altajskij_kraj_inc_20120701_000000_20120801_000000_16.xml.zip
[2013-08-27 12:45:35.195778] notification__Altajskij_kraj_inc_20120701_000000_20120801_000000_17.xml.zip
[2013-08-27 12:45:35.382346] notification__Altajskij_kraj_inc_20120701_000000_20120801_000000_18.xml.zip
[2013-08-27 12:45:35.608196] notification__Altajskij_kraj_inc_20120801_000000_20120901_000000_13.xml.zip
[2013-08-27 12:45:35.903929] notification__Altajskij_kraj_inc_20120801_000000_20120901_000000_14.xml.zip
[2013-08-27 12:45:40.332394] notification__Altajskij_kraj_inc_20120801_000000_20120901_000000_15.xml.zip
[2013-08-27 12:45:43.396121] notification__Altajskij_kraj_inc_20120801_000000_20120901_000000_16.xml.zip
[2013-08-27 12:45:43.711643] notification__Altajskij_kraj_inc_20120801_000000_20120901_000000_17.xml.zip
[2013-08-27 12:45:43.900278] notification__Altajskij_kraj_inc_20120801_000000_20120901_000000_18.xml.zip
[2013-08-27 12:45:44.169366] notification__Altajskij_kraj_inc_20120901_000000_20121001_000000_13.xml.zip
[2013-08-27 12:45:44.459976] notification__Altajskij_kraj_inc_20120901_000000_20121001_000000_14.xml.zip
[2013-08-27 12:45:47.263600] notification__Altajskij_kraj_inc_20120901_000000_20121001_000000_15.xml.zip
[2013-08-27 12:45:48.403839] notification__Altajskij_kraj_inc_20120901_000000_20121001_000000_16.xml.zip
[2013-08-27 12:45:48.605658] notification__Altajskij_kraj_inc_20120901_000000_20121001_000000_17.xml.zip
[2013-08-27 12:45:48.775087] notification__Altajskij_kraj_inc_20120901_000000_20121001_000000_18.xml.zip
[2013-08-27 12:45:48.977713] notification__Altajskij_kraj_inc_20121001_000000_20121101_000000_13.xml.zip
[2013-08-27 12:45:49.254428] notification__Altajskij_kraj_inc_20121001_000000_20121101_000000_14.xml.zip
[2013-08-27 12:45:51.466959] notification__Altajskij_kraj_inc_20121001_000000_20121101_000000_15.xml.zip
[2013-08-27 12:45:52.827598] notification__Altajskij_kraj_inc_20121001_000000_20121101_000000_16.xml.zip
[2013-08-27 12:45:53.027175] notification__Altajskij_kraj_inc_20121001_000000_20121101_000000_17.xml.zip
[2013-08-27 12:45:53.193430] notification__Altajskij_kraj_inc_20121001_000000_20121101_000000_18.xml.zip
[2013-08-27 12:45:53.388513] notification__Altajskij_kraj_inc_20121101_000000_20121201_000000_13.xml.zip
[2013-08-27 12:45:53.711711] notification__Altajskij_kraj_inc_20121101_000000_20121201_000000_14.xml.zip
[2013-08-27 12:45:57.114381] notification__Altajskij_kraj_inc_20121101_000000_20121201_000000_15.xml.zip
[2013-08-27 12:45:58.712830] notification__Altajskij_kraj_inc_20121101_000000_20121201_000000_16.xml.zip
[2013-08-27 12:45:58.920913] notification__Altajskij_kraj_inc_20121101_000000_20121201_000000_17.xml.zip
[2013-08-27 12:45:59.093971] notification__Altajskij_kraj_inc_20121101_000000_20121201_000000_18.xml.zip
[2013-08-27 12:45:59.279308] notification__Altajskij_kraj_inc_20121201_000000_20130101_000000_13.xml.zip
[2013-08-27 12:45:59.517435] notification__Altajskij_kraj_inc_20121201_000000_20130101_000000_14.xml.zip
[2013-08-27 12:46:01.694853] notification__Altajskij_kraj_inc_20121201_000000_20130101_000000_15.xml.zip
[2013-08-27 12:46:03.120328] notification__Altajskij_kraj_inc_20121201_000000_20130101_000000_16.xml.zip
[2013-08-27 12:46:03.321759] notification__Altajskij_kraj_inc_20121201_000000_20130101_000000_17.xml.zip
[2013-08-27 12:46:03.490744] notification__Altajskij_kraj_inc_20121201_000000_20130101_000000_18.xml.zip
[2013-08-27 12:46:03.691889] notification__Altajskij_kraj_inc_20130101_000000_20130201_000000_13.xml.zip
[2013-08-27 12:46:03.936370] notification__Altajskij_kraj_inc_20130101_000000_20130201_000000_14.xml.zip
[2013-08-27 12:46:05.029148] notification__Altajskij_kraj_inc_20130101_000000_20130201_000000_15.xml.zip
[2013-08-27 12:46:05.802599] notification__Altajskij_kraj_inc_20130101_000000_20130201_000000_16.xml.zip
[2013-08-27 12:46:05.990614] notification__Altajskij_kraj_inc_20130101_000000_20130201_000000_17.xml.zip
[2013-08-27 12:46:06.161754] notification__Altajskij_kraj_inc_20130101_000000_20130201_000000_18.xml.zip
[2013-08-27 12:46:06.356495] notification__Altajskij_kraj_inc_20130201_000000_20130301_000000_13.xml.zip
[2013-08-27 12:46:06.608152] notification__Altajskij_kraj_inc_20130201_000000_20130301_000000_14.xml.zip
[2013-08-27 12:46:07.968130] notification__Altajskij_kraj_inc_20130201_000000_20130301_000000_15.xml.zip
[2013-08-27 12:46:08.844095] notification__Altajskij_kraj_inc_20130201_000000_20130301_000000_16.xml.zip
[2013-08-27 12:46:09.119912] notification__Altajskij_kraj_inc_20130201_000000_20130301_000000_17.xml.zip
[2013-08-27 12:46:09.293410] notification__Altajskij_kraj_inc_20130201_000000_20130301_000000_18.xml.zip
[2013-08-27 12:46:09.486873] notification__Altajskij_kraj_inc_20130301_000000_20130401_000000_13.xml.zip
[2013-08-27 12:46:09.744188] notification__Altajskij_kraj_inc_20130301_000000_20130401_000000_14.xml.zip
[2013-08-27 12:46:11.344973] notification__Altajskij_kraj_inc_20130301_000000_20130401_000000_15.xml.zip
[2013-08-27 12:46:12.547495] notification__Altajskij_kraj_inc_20130301_000000_20130401_000000_16.xml.zip
[2013-08-27 12:46:12.805938] notification__Altajskij_kraj_inc_20130301_000000_20130401_000000_17.xml.zip
[2013-08-27 12:46:12.991749] notification__Altajskij_kraj_inc_20130301_000000_20130401_000000_18.xml.zip
[2013-08-27 12:46:13.182126] notification__Altajskij_kraj_inc_20130401_000000_20130501_000000_13.xml.zip
[2013-08-27 12:46:13.464916] notification__Altajskij_kraj_inc_20130401_000000_20130501_000000_14.xml.zip
[2013-08-27 12:46:18.121401] notification__Altajskij_kraj_inc_20130401_000000_20130501_000000_15.xml.zip
[2013-08-27 12:46:20.135481] notification__Altajskij_kraj_inc_20130401_000000_20130501_000000_16.xml.zip
[2013-08-27 12:46:20.345206] notification__Altajskij_kraj_inc_20130401_000000_20130501_000000_17.xml.zip
[2013-08-27 12:46:20.549057] notification__Altajskij_kraj_inc_20130401_000000_20130501_000000_18.xml.zip
[2013-08-27 12:46:20.785257] notification__Altajskij_kraj_inc_20130501_000000_20130601_000000_13.xml.zip
[2013-08-27 12:46:21.035730] notification__Altajskij_kraj_inc_20130501_000000_20130601_000000_14.xml.zip
[2013-08-27 12:46:24.640952] notification__Altajskij_kraj_inc_20130501_000000_20130601_000000_15.xml.zip
[2013-08-27 12:46:26.343482] notification__Altajskij_kraj_inc_20130501_000000_20130601_000000_16.xml.zip
[2013-08-27 12:46:26.571425] notification__Altajskij_kraj_inc_20130501_000000_20130601_000000_17.xml.zip
[2013-08-27 12:46:26.747440] notification__Altajskij_kraj_inc_20130501_000000_20130601_000000_18.xml.zip
[2013-08-27 12:46:26.994405] notification__Altajskij_kraj_inc_20130601_000000_20130701_000000_13.xml.zip
[2013-08-27 12:46:27.268058] notification__Altajskij_kraj_inc_20130601_000000_20130701_000000_14.xml.zip
[2013-08-27 12:46:31.084596] notification__Altajskij_kraj_inc_20130601_000000_20130701_000000_15.xml.zip
[2013-08-27 12:46:33.106709] notification__Altajskij_kraj_inc_20130601_000000_20130701_000000_16.xml.zip
[2013-08-27 12:46:33.328062] notification__Altajskij_kraj_inc_20130601_000000_20130701_000000_17.xml.zip
[2013-08-27 12:46:33.507214] notification__Altajskij_kraj_inc_20130601_000000_20130701_000000_18.xml.zip
[2013-08-27 12:46:33.734117] notification__Altajskij_kraj_inc_20130701_000000_20130801_000000_13.xml.zip
[2013-08-27 12:46:34.030912] notification__Altajskij_kraj_inc_20130701_000000_20130801_000000_14.xml.zip
[2013-08-27 12:46:37.384566] notification__Altajskij_kraj_inc_20130701_000000_20130801_000000_15.xml.zip
[2013-08-27 12:46:39.101316] notification__Altajskij_kraj_inc_20130701_000000_20130801_000000_16.xml.zip
[2013-08-27 12:46:39.299187] notification__Altajskij_kraj_inc_20130701_000000_20130801_000000_17.xml.zip
[2013-08-27 12:46:39.470532] notification__Altajskij_kraj_inc_20130701_000000_20130801_000000_18.xml.zip
[2013-08-27 12:46:39.868906] notification__Amurskaja_obl_inc_20110101_000000_20110201_000000_19.xml.zip
[2013-08-27 12:46:40.068098] notification__Amurskaja_obl_inc_20110101_000000_20110201_000000_20.xml.zip
[2013-08-27 12:46:40.287496] notification__Amurskaja_obl_inc_20110101_000000_20110201_000000_21.xml.zip
[2013-08-27 12:46:40.686204] notification__Amurskaja_obl_inc_20110101_000000_20110201_000000_22.xml.zip
[2013-08-27 12:46:40.866726] notification__Amurskaja_obl_inc_20110101_000000_20110201_000000_23.xml.zip
[2013-08-27 12:46:41.047363] notification__Amurskaja_obl_inc_20110101_000000_20110201_000000_24.xml.zip
[2013-08-27 12:46:41.229860] notification__Amurskaja_obl_inc_20110201_000000_20110301_000000_19.xml.zip
[2013-08-27 12:46:41.464269] notification__Amurskaja_obl_inc_20110201_000000_20110301_000000_20.xml.zip
[2013-08-27 12:46:41.913835] notification__Amurskaja_obl_inc_20110201_000000_20110301_000000_21.xml.zip
[2013-08-27 12:46:43.317863] notification__Amurskaja_obl_inc_20110201_000000_20110301_000000_22.xml.zip
[2013-08-27 12:46:43.534220] notification__Amurskaja_obl_inc_20110201_000000_20110301_000000_23.xml.zip
[2013-08-27 12:46:43.701945] notification__Amurskaja_obl_inc_20110201_000000_20110301_000000_24.xml.zip
[2013-08-27 12:46:43.891657] notification__Amurskaja_obl_inc_20110301_000000_20110401_000000_1.xml.zip
[2013-08-27 12:46:44.135352] notification__Amurskaja_obl_inc_20110301_000000_20110401_000000_2.xml.zip
[2013-08-27 12:46:45.351555] notification__Amurskaja_obl_inc_20110301_000000_20110401_000000_3.xml.zip
[2013-08-27 12:46:47.409156] notification__Amurskaja_obl_inc_20110301_000000_20110401_000000_4.xml.zip
[2013-08-27 12:46:47.663604] notification__Amurskaja_obl_inc_20110301_000000_20110401_000000_5.xml.zip
[2013-08-27 12:46:47.831603] notification__Amurskaja_obl_inc_20110301_000000_20110401_000000_6.xml.zip
[2013-08-27 12:46:48.035279] notification__Amurskaja_obl_inc_20110401_000000_20110501_000000_19.xml.zip
[2013-08-27 12:46:48.290868] notification__Amurskaja_obl_inc_20110401_000000_20110501_000000_20.xml.zip
[2013-08-27 12:46:49.475778] notification__Amurskaja_obl_inc_20110401_000000_20110501_000000_21.xml.zip
[2013-08-27 12:46:51.492476] notification__Amurskaja_obl_inc_20110401_000000_20110501_000000_22.xml.zip
[2013-08-27 12:46:51.749762] notification__Amurskaja_obl_inc_20110401_000000_20110501_000000_23.xml.zip
[2013-08-27 12:46:51.920250] notification__Amurskaja_obl_inc_20110401_000000_20110501_000000_24.xml.zip
[2013-08-27 12:46:52.142028] notification__Amurskaja_obl_inc_20110501_000000_20110601_000000_19.xml.zip
[2013-08-27 12:46:52.412975] notification__Amurskaja_obl_inc_20110501_000000_20110601_000000_20.xml.zip
[2013-08-27 12:46:53.928046] notification__Amurskaja_obl_inc_20110501_000000_20110601_000000_21.xml.zip
[2013-08-27 12:46:55.520674] notification__Amurskaja_obl_inc_20110501_000000_20110601_000000_22.xml.zip
[2013-08-27 12:46:55.741428] notification__Amurskaja_obl_inc_20110501_000000_20110601_000000_23.xml.zip
[2013-08-27 12:46:55.909547] notification__Amurskaja_obl_inc_20110501_000000_20110601_000000_24.xml.zip
[2013-08-27 12:46:56.197737] notification__Amurskaja_obl_inc_20110601_000000_20110701_000000_19.xml.zip
[2013-08-27 12:46:56.452174] notification__Amurskaja_obl_inc_20110601_000000_20110701_000000_20.xml.zip
[2013-08-27 12:46:58.259191] notification__Amurskaja_obl_inc_20110601_000000_20110701_000000_21.xml.zip
[2013-08-27 12:47:00.091597] notification__Amurskaja_obl_inc_20110601_000000_20110701_000000_22.xml.zip
[2013-08-27 12:47:00.311634] notification__Amurskaja_obl_inc_20110601_000000_20110701_000000_23.xml.zip
[2013-08-27 12:47:00.481736] notification__Amurskaja_obl_inc_20110601_000000_20110701_000000_24.xml.zip
[2013-08-27 12:47:00.683675] notification__Amurskaja_obl_inc_20110701_000000_20110801_000000_19.xml.zip
[2013-08-27 12:47:00.919374] notification__Amurskaja_obl_inc_20110701_000000_20110801_000000_20.xml.zip
[2013-08-27 12:47:02.537062] notification__Amurskaja_obl_inc_20110701_000000_20110801_000000_21.xml.zip
[2013-08-27 12:47:04.517326] notification__Amurskaja_obl_inc_20110701_000000_20110801_000000_22.xml.zip
[2013-08-27 12:47:04.776792] notification__Amurskaja_obl_inc_20110701_000000_20110801_000000_23.xml.zip
[2013-08-27 12:47:04.949275] notification__Amurskaja_obl_inc_20110701_000000_20110801_000000_24.xml.zip
[2013-08-27 12:47:05.164596] notification__Amurskaja_obl_inc_20110801_000000_20110901_000000_19.xml.zip
[2013-08-27 12:47:05.403724] notification__Amurskaja_obl_inc_20110801_000000_20110901_000000_20.xml.zip
[2013-08-27 12:47:06.975134] notification__Amurskaja_obl_inc_20110801_000000_20110901_000000_21.xml.zip
[2013-08-27 12:47:08.623519] notification__Amurskaja_obl_inc_20110801_000000_20110901_000000_22.xml.zip
[2013-08-27 12:47:08.891624] notification__Amurskaja_obl_inc_20110801_000000_20110901_000000_23.xml.zip
[2013-08-27 12:47:09.065034] notification__Amurskaja_obl_inc_20110801_000000_20110901_000000_24.xml.zip
[2013-08-27 12:47:09.274931] notification__Amurskaja_obl_inc_20110901_000000_20111001_000000_19.xml.zip
[2013-08-27 12:47:09.503769] notification__Amurskaja_obl_inc_20110901_000000_20111001_000000_20.xml.zip
[2013-08-27 12:47:11.101382] notification__Amurskaja_obl_inc_20110901_000000_20111001_000000_21.xml.zip
[2013-08-27 12:47:12.816339] notification__Amurskaja_obl_inc_20110901_000000_20111001_000000_22.xml.zip
[2013-08-27 12:47:13.051767] notification__Amurskaja_obl_inc_20110901_000000_20111001_000000_23.xml.zip
[2013-08-27 12:47:13.228649] notification__Amurskaja_obl_inc_20110901_000000_20111001_000000_24.xml.zip
[2013-08-27 12:47:13.478622] notification__Amurskaja_obl_inc_20111001_000000_20111101_000000_19.xml.zip
[2013-08-27 12:47:13.772920] notification__Amurskaja_obl_inc_20111001_000000_20111101_000000_20.xml.zip
[2013-08-27 12:47:16.695865] notification__Amurskaja_obl_inc_20111001_000000_20111101_000000_21.xml.zip
[2013-08-27 12:47:18.916162] notification__Amurskaja_obl_inc_20111001_000000_20111101_000000_22.xml.zip
[2013-08-27 12:47:19.206569] notification__Amurskaja_obl_inc_20111001_000000_20111101_000000_23.xml.zip
[2013-08-27 12:47:19.398647] notification__Amurskaja_obl_inc_20111001_000000_20111101_000000_24.xml.zip
[2013-08-27 12:47:19.739171] notification__Amurskaja_obl_inc_20111101_000000_20111201_000000_19.xml.zip
[2013-08-27 12:47:20.357802] notification__Amurskaja_obl_inc_20111101_000000_20111201_000000_20.xml.zip
[2013-08-27 12:47:25.983187] notification__Amurskaja_obl_inc_20111101_000000_20111201_000000_21.xml.zip
[2013-08-27 12:47:31.166485] notification__Amurskaja_obl_inc_20111101_000000_20111201_000000_22.xml.zip
[2013-08-27 12:47:31.690999] notification__Amurskaja_obl_inc_20111101_000000_20111201_000000_23.xml.zip
[2013-08-27 12:47:31.876911] notification__Amurskaja_obl_inc_20111101_000000_20111201_000000_24.xml.zip
[2013-08-27 12:47:32.209493] notification__Amurskaja_obl_inc_20111201_000000_20120101_000000_19.xml.zip
[2013-08-27 12:47:32.849893] notification__Amurskaja_obl_inc_20111201_000000_20120101_000000_20.xml.zip
[2013-08-27 12:47:36.107998] notification__Amurskaja_obl_inc_20111201_000000_20120101_000000_21.xml.zip
[2013-08-27 12:47:40.785973] notification__Amurskaja_obl_inc_20111201_000000_20120101_000000_22.xml.zip
[2013-08-27 12:47:41.349057] notification__Amurskaja_obl_inc_20111201_000000_20120101_000000_23.xml.zip
[2013-08-27 12:47:41.528388] notification__Amurskaja_obl_inc_20111201_000000_20120101_000000_24.xml.zip
[2013-08-27 12:47:41.752842] notification__Amurskaja_obl_inc_20120101_000000_20120201_000000_19.xml.zip
[2013-08-27 12:47:42.068871] notification__Amurskaja_obl_inc_20120101_000000_20120201_000000_20.xml.zip
[2013-08-27 12:47:44.018724] notification__Amurskaja_obl_inc_20120101_000000_20120201_000000_21.xml.zip
[2013-08-27 12:47:45.596057] notification__Amurskaja_obl_inc_20120101_000000_20120201_000000_22.xml.zip
[2013-08-27 12:47:45.849218] notification__Amurskaja_obl_inc_20120101_000000_20120201_000000_23.xml.zip
[2013-08-27 12:47:46.025713] notification__Amurskaja_obl_inc_20120101_000000_20120201_000000_24.xml.zip
[2013-08-27 12:47:46.237202] notification__Amurskaja_obl_inc_20120201_000000_20120301_000000_19.xml.zip
[2013-08-27 12:47:46.498085] notification__Amurskaja_obl_inc_20120201_000000_20120301_000000_20.xml.zip
[2013-08-27 12:47:48.248201] notification__Amurskaja_obl_inc_20120201_000000_20120301_000000_21.xml.zip
[2013-08-27 12:47:49.473662]